%!Adobe-FontList 1.14
%Locale:0x412

%BeginFont
Handler:DirectoryHandler
FontType:Invalid
OutlineFileName:D:\AutoSet10\public_html\job\ckack3\Font\2fcrYFNaTjcS6g4U3t-Y5RV6cRhDpPC5P4GCEJpqGoc.woff
FileModTime:1622391925
%EndFont

%BeginFont
Handler:DirectoryHandler
FontType:TrueType
FontName:BMDoHyeon
FamilyName:BM DoHyeon
StyleName:Regular
FullName:BM DoHyeon
MenuName:배달의민족 도현
StyleBits:0
FamilyNameNative:배달의민족 도현
StyleNameNative:Regular
FullNameNative:배달의민족 도현
WritingScript:Korean
OutlineFileName:D:\AutoSet10\public_html\job\ckack3\Font\BMDOHYEON_ttf.ttf
DataFormat:sfntData
FileLength:808332
FileModTime:1622391925
WeightClass:400
WidthClass:5
AngleClass:0
%EndFont

%BeginFont
Handler:DirectoryHandler
FontType:Invalid
OutlineFileName:D:\AutoSet10\public_html\job\ckack3\Font\BMJUA.svg
FileModTime:1622391925
%EndFont

%BeginFont
Handler:DirectoryHandler
FontType:TrueType
FontName:BMJUA
FamilyName:BM JUA_TTF
StyleName:Regular
FullName:BM JUA 
MenuName:배달의민족 주아
StyleBits:0
FamilyNameNative:배달의민족 주아
StyleNameNative:Regular
FullNameNative:배달의민족 주아
WritingScript:Korean
OutlineFileName:D:\AutoSet10\public_html\job\ckack3\Font\BMJUA.ttf
DataFormat:sfntData
FileLength:1523596
FileModTime:1622391925
WeightClass:400
WidthClass:5
AngleClass:0
%EndFont

%BeginFont
Handler:DirectoryHandler
FontType:Invalid
OutlineFileName:D:\AutoSet10\public_html\job\ckack3\Font\BMJUA.woff
FileModTime:1622391925
%EndFont

%BeginFont
Handler:DirectoryHandler
FontType:Invalid
OutlineFileName:D:\AutoSet10\public_html\job\ckack3\Font\BMJUA_ttf.eot
FileModTime:1622391925
%EndFont

%BeginFont
Handler:DirectoryHandler
FontType:Invalid
OutlineFileName:D:\AutoSet10\public_html\job\ckack3\Font\Campton-Medium.eot
FileModTime:1622391925
%EndFont

%BeginFont
Handler:DirectoryHandler
FontType:Invalid
OutlineFileName:D:\AutoSet10\public_html\job\ckack3\Font\Campton-Medium.svg
FileModTime:1622391925
%EndFont

%BeginFont
Handler:DirectoryHandler
FontType:TrueType
FontName:Campton-Medium
FamilyName:Campton
StyleName:Medium
FullName:Campton-Medium
MenuName:Campton-Medium
StyleBits:0
WritingScript:Roman
OutlineFileName:D:\AutoSet10\public_html\job\ckack3\Font\Campton-Medium.ttf
DataFormat:sfntData
FileLength:120124
FileModTime:1622391925
WeightClass:500
WidthClass:5
AngleClass:0
%EndFont

%BeginFont
Handler:DirectoryHandler
FontType:Invalid
OutlineFileName:D:\AutoSet10\public_html\job\ckack3\Font\Campton-Medium.woff
FileModTime:1622391925
%EndFont

%BeginFont
Handler:DirectoryHandler
FontType:Invalid
OutlineFileName:D:\AutoSet10\public_html\job\ckack3\Font\fontawesome-webfont.eot
FileModTime:1622391925
%EndFont

%BeginFont
Handler:DirectoryHandler
FontType:Invalid
OutlineFileName:D:\AutoSet10\public_html\job\ckack3\Font\fontawesome-webfont.svg
FileModTime:1622391925
%EndFont

%BeginFont
Handler:DirectoryHandler
FontType:TrueType
FontName:FontAwesome
FamilyName:FontAwesome
StyleName:Regular
FullName:FontAwesome
MenuName:FontAwesome
StyleBits:0
WritingScript:Roman
OutlineFileName:D:\AutoSet10\public_html\job\ckack3\Font\fontawesome-webfont.ttf
DataFormat:sfntData
FileLength:165548
FileModTime:1622391924
WeightClass:400
WidthClass:5
AngleClass:0
%EndFont

%BeginFont
Handler:DirectoryHandler
FontType:Invalid
OutlineFileName:D:\AutoSet10\public_html\job\ckack3\Font\fontawesome-webfont.woff
FileModTime:1622391924
%EndFont

%BeginFont
Handler:DirectoryHandler
FontType:Invalid
OutlineFileName:D:\AutoSet10\public_html\job\ckack3\Font\fontawesome-webfont.woff2
FileModTime:1622391924
%EndFont

%BeginFont
Handler:DirectoryHandler
FontType:Type1
FontName:FontAwesome
FamilyName:FontAwesome
StyleName:Regular
FullName:FontAwesome
MenuName:FontAwesome
StyleBits:0
WritingScript:Roman
OutlineFileName:D:\AutoSet10\public_html\job\ckack3\Font\FontAwesome.otf
DataFormat:sfntData
UsesStandardEncoding:yes
isCFF:yes
FileLength:134808
FileModTime:1622391924
WeightClass:400
WidthClass:5
AngleClass:0
%EndFont

%BeginFont
Handler:DirectoryHandler
FontType:TrueType
FontName:GmarketSansTTFBold
FamilyName:Gmarket Sans TTF
StyleName:Bold
FullName:Gmarket Sans TTF Bold
MenuName:G마켓 산스 TTF Bold
StyleBits:0
FamilyNameNative:G마켓 산스 TTF
StyleNameNative:Bold
FullNameNative:G마켓 산스 TTF Bold
WritingScript:Korean
OutlineFileName:D:\AutoSet10\public_html\job\ckack3\Font\GmarketSansTTFBold.ttf
DataFormat:sfntData
FileLength:2511976
FileModTime:1622391924
WeightClass:700
WidthClass:5
AngleClass:0
%EndFont

%BeginFont
Handler:DirectoryHandler
FontType:TrueType
FontName:GmarketSansTTFLight
FamilyName:Gmarket Sans TTF
StyleName:Light
FullName:Gmarket Sans TTF Light
MenuName:G마켓 산스 TTF Light
StyleBits:0
FamilyNameNative:G마켓 산스 TTF
StyleNameNative:Light
FullNameNative:G마켓 산스 TTF Light
WritingScript:Korean
OutlineFileName:D:\AutoSet10\public_html\job\ckack3\Font\GmarketSansTTFLight.ttf
DataFormat:sfntData
FileLength:2413604
FileModTime:1622391924
WeightClass:300
WidthClass:5
AngleClass:0
%EndFont

%BeginFont
Handler:DirectoryHandler
FontType:TrueType
FontName:GmarketSansTTFMedium
FamilyName:Gmarket Sans TTF
StyleName:Medium
FullName:Gmarket Sans TTF Medium
MenuName:G마켓 산스 TTF Medium
StyleBits:0
FamilyNameNative:G마켓 산스 TTF
StyleNameNative:Medium
FullNameNative:G마켓 산스 TTF Medium
WritingScript:Korean
OutlineFileName:D:\AutoSet10\public_html\job\ckack3\Font\GmarketSansTTFMedium.ttf
DataFormat:sfntData
FileLength:2417020
FileModTime:1622391924
WeightClass:500
WidthClass:5
AngleClass:0
%EndFont

%BeginFont
Handler:DirectoryHandler
FontType:Invalid
OutlineFileName:D:\AutoSet10\public_html\job\ckack3\Font\iconfont.eot
FileModTime:1622391924
%EndFont

%BeginFont
Handler:DirectoryHandler
FontType:Invalid
OutlineFileName:D:\AutoSet10\public_html\job\ckack3\Font\iconfont.svg
FileModTime:1622391924
%EndFont

%BeginFont
Handler:DirectoryHandler
FontType:TrueType
FontName:iconfont
FamilyName:iconfont
StyleName:Medium
FullName:iconfont
MenuName:iconfont
StyleBits:0
WritingScript:Roman
OutlineFileName:D:\AutoSet10\public_html\job\ckack3\Font\iconfont.ttf
DataFormat:sfntData
FileLength:37468
FileModTime:1622391924
WeightClass:500
WidthClass:5
AngleClass:0
%EndFont

%BeginFont
Handler:DirectoryHandler
FontType:Invalid
OutlineFileName:D:\AutoSet10\public_html\job\ckack3\Font\iconfont.woff
FileModTime:1622391924
%EndFont

%BeginFont
Handler:DirectoryHandler
FontType:Invalid
OutlineFileName:D:\AutoSet10\public_html\job\ckack3\Font\malgun.eot
FileModTime:1622391924
%EndFont

%BeginFont
Handler:DirectoryHandler
FontType:TrueType
FontName:MalgunGothicRegular
FamilyName:Malgun Gothic
StyleName:Regular
FullName:Malgun Gothic
MenuName:맑은 고딕
StyleBits:0
FamilyNameNative:맑은 고딕
StyleNameNative:Regular
FullNameNative:맑은 고딕
WritingScript:Korean
OutlineFileName:D:\AutoSet10\public_html\job\ckack3\Font\malgun.ttf
DataFormat:sfntData
FileLength:4337296
FileModTime:1622391924
WeightClass:400
WidthClass:5
AngleClass:0
%EndFont

%BeginFont
Handler:DirectoryHandler
FontType:Invalid
OutlineFileName:D:\AutoSet10\public_html\job\ckack3\Font\malgun.woff
FileModTime:1622391923
%EndFont

%BeginFont
Handler:DirectoryHandler
FontType:Invalid
OutlineFileName:D:\AutoSet10\public_html\job\ckack3\Font\malgunbd.eot
FileModTime:1622391923
%EndFont

%BeginFont
Handler:DirectoryHandler
FontType:TrueType
FontName:MalgunGothicBold
FamilyName:Malgun Gothic
StyleName:Bold
FullName:Malgun Gothic Bold
MenuName:맑은 고딕
StyleBits:2
FamilyNameNative:맑은 고딕
StyleNameNative:Bold
FullNameNative:맑은 고딕 Bold
WritingScript:Korean
OutlineFileName:D:\AutoSet10\public_html\job\ckack3\Font\malgunbd.ttf
DataFormat:sfntData
FileLength:4515044
FileModTime:1622391923
WeightClass:700
WidthClass:5
AngleClass:0
%EndFont

%BeginFont
Handler:DirectoryHandler
FontType:Invalid
OutlineFileName:D:\AutoSet10\public_html\job\ckack3\Font\malgunbd.woff
FileModTime:1622391923
%EndFont

%BeginFont
Handler:DirectoryHandler
FontType:Invalid
OutlineFileName:D:\AutoSet10\public_html\job\ckack3\Font\Montserrat-Bold.eot
FileModTime:1622391923
%EndFont

%BeginFont
Handler:DirectoryHandler
FontType:Invalid
OutlineFileName:D:\AutoSet10\public_html\job\ckack3\Font\Montserrat-Bold.svg
FileModTime:1622391923
%EndFont

%BeginFont
Handler:DirectoryHandler
FontType:TrueType
FontName:Montserrat-Bold
FamilyName:Montserrat
StyleName:Bold
FullName:Montserrat-Bold
MenuName:Montserrat
StyleBits:2
WritingScript:Roman
OutlineFileName:D:\AutoSet10\public_html\job\ckack3\Font\Montserrat-Bold.ttf
DataFormat:sfntData
FileLength:29536
FileModTime:1622391923
WeightClass:700
WidthClass:5
AngleClass:0
%EndFont

%BeginFont
Handler:DirectoryHandler
FontType:Invalid
OutlineFileName:D:\AutoSet10\public_html\job\ckack3\Font\Montserrat-Bold.woff
FileModTime:1622391923
%EndFont

%BeginFont
Handler:DirectoryHandler
FontType:Invalid
OutlineFileName:D:\AutoSet10\public_html\job\ckack3\Font\Montserrat-Regular.eot
FileModTime:1622391923
%EndFont

%BeginFont
Handler:DirectoryHandler
FontType:Invalid
OutlineFileName:D:\AutoSet10\public_html\job\ckack3\Font\Montserrat-Regular.svg
FileModTime:1622391923
%EndFont

%BeginFont
Handler:DirectoryHandler
FontType:TrueType
FontName:Montserrat-Regular
FamilyName:Montserrat
StyleName:Regular
FullName:Montserrat-Regular
MenuName:Montserrat
StyleBits:0
WritingScript:Roman
OutlineFileName:D:\AutoSet10\public_html\job\ckack3\Font\Montserrat-Regular.ttf
DataFormat:sfntData
FileLength:28992
FileModTime:1622391923
WeightClass:400
WidthClass:5
AngleClass:0
%EndFont

%BeginFont
Handler:DirectoryHandler
FontType:Invalid
OutlineFileName:D:\AutoSet10\public_html\job\ckack3\Font\Montserrat-Regular.woff
FileModTime:1622391923
%EndFont

%BeginFont
Handler:DirectoryHandler
FontType:Invalid
OutlineFileName:D:\AutoSet10\public_html\job\ckack3\Font\NanumGothic.eot
FileModTime:1622391922
%EndFont

%BeginFont
Handler:DirectoryHandler
FontType:TrueType
FontName:NanumGothic
FamilyName:NanumGothic
StyleName:Regular
FullName:NanumGothic
MenuName:나눔고딕
StyleBits:0
FamilyNameNative:나눔고딕
StyleNameNative:Regular
FullNameNative:나눔고딕
WritingScript:Korean
OutlineFileName:D:\AutoSet10\public_html\job\ckack3\Font\NanumGothic.ttf
DataFormat:sfntData
FileLength:4345840
FileModTime:1622391923
WeightClass:400
WidthClass:5
AngleClass:0
%EndFont

%BeginFont
Handler:DirectoryHandler
FontType:Invalid
OutlineFileName:D:\AutoSet10\public_html\job\ckack3\Font\NanumGothic.woff
FileModTime:1622391922
%EndFont

%BeginFont
Handler:DirectoryHandler
FontType:Invalid
OutlineFileName:D:\AutoSet10\public_html\job\ckack3\Font\NanumGothicBold.eot
FileModTime:1622391922
%EndFont

%BeginFont
Handler:DirectoryHandler
FontType:Invalid
OutlineFileName:D:\AutoSet10\public_html\job\ckack3\Font\NanumGothicBold.woff
FileModTime:1622391922
%EndFont

%BeginFont
Handler:DirectoryHandler
FontType:Invalid
OutlineFileName:D:\AutoSet10\public_html\job\ckack3\Font\NanumSquareB.eot
FileModTime:1622391922
%EndFont

%BeginFont
Handler:DirectoryHandler
FontType:Invalid
OutlineFileName:D:\AutoSet10\public_html\job\ckack3\Font\NanumSquareB.svg
FileModTime:1622391922
%EndFont

%BeginFont
Handler:DirectoryHandler
FontType:TrueType
FontName:NanumSquareB
FamilyName:NanumSquare
StyleName:Bold
FullName:NanumSquare Bold
MenuName:나눔스퀘어 Bold
StyleBits:0
FamilyNameNative:나눔스퀘어
StyleNameNative:Bold
FullNameNative:나눔스퀘어 Bold
WritingScript:Korean
OutlineFileName:D:\AutoSet10\public_html\job\ckack3\Font\NanumSquareB.ttf
DataFormat:sfntData
FileLength:733500
FileModTime:1622391922
WeightClass:700
WidthClass:5
AngleClass:0
%EndFont

%BeginFont
Handler:DirectoryHandler
FontType:Invalid
OutlineFileName:D:\AutoSet10\public_html\job\ckack3\Font\NanumSquareB.woff
FileModTime:1622391922
%EndFont

%BeginFont
Handler:DirectoryHandler
FontType:Invalid
OutlineFileName:D:\AutoSet10\public_html\job\ckack3\Font\NanumSquareEB.eot
FileModTime:1622391922
%EndFont

%BeginFont
Handler:DirectoryHandler
FontType:TrueType
FontName:NanumSquareEB
FamilyName:NanumSquare
StyleName:ExtraBold
FullName:NanumSquare ExtraBold
MenuName:나눔스퀘어 ExtraBold
StyleBits:0
FamilyNameNative:나눔스퀘어
StyleNameNative:ExtraBold
FullNameNative:나눔스퀘어 ExtraBold
WritingScript:Korean
OutlineFileName:D:\AutoSet10\public_html\job\ckack3\Font\NanumSquareEB.ttf
DataFormat:sfntData
FileLength:726684
FileModTime:1622391922
WeightClass:800
WidthClass:5
AngleClass:0
%EndFont

%BeginFont
Handler:DirectoryHandler
FontType:Invalid
OutlineFileName:D:\AutoSet10\public_html\job\ckack3\Font\NanumSquareEB.woff
FileModTime:1622391921
%EndFont

%BeginFont
Handler:DirectoryHandler
FontType:Invalid
OutlineFileName:D:\AutoSet10\public_html\job\ckack3\Font\NanumSquareL.eot
FileModTime:1622391921
%EndFont

%BeginFont
Handler:DirectoryHandler
FontType:Invalid
OutlineFileName:D:\AutoSet10\public_html\job\ckack3\Font\NanumSquareL.svg
FileModTime:1622391921
%EndFont

%BeginFont
Handler:DirectoryHandler
FontType:TrueType
FontName:NanumSquareL
FamilyName:NanumSquare
StyleName:Light
FullName:NanumSquare Light
MenuName:나눔스퀘어 Light
StyleBits:0
FamilyNameNative:나눔스퀘어
StyleNameNative:Light
FullNameNative:나눔스퀘어 Light
WritingScript:Korean
OutlineFileName:D:\AutoSet10\public_html\job\ckack3\Font\NanumSquareL.ttf
DataFormat:sfntData
FileLength:750932
FileModTime:1622391921
WeightClass:300
WidthClass:5
AngleClass:0
%EndFont

%BeginFont
Handler:DirectoryHandler
FontType:Invalid
OutlineFileName:D:\AutoSet10\public_html\job\ckack3\Font\NanumSquareL.woff
FileModTime:1622391921
%EndFont

%BeginFont
Handler:DirectoryHandler
FontType:Invalid
OutlineFileName:D:\AutoSet10\public_html\job\ckack3\Font\NanumSquareR.eot
FileModTime:1622391921
%EndFont

%BeginFont
Handler:DirectoryHandler
FontType:TrueType
FontName:NanumSquareR
FamilyName:NanumSquare
StyleName:Regular
FullName:NanumSquare Regular
MenuName:나눔스퀘어
StyleBits:0
FamilyNameNative:나눔스퀘어
StyleNameNative:Regular
FullNameNative:나눔스퀘어 Regular
WritingScript:Korean
OutlineFileName:D:\AutoSet10\public_html\job\ckack3\Font\NanumSquareR.ttf
DataFormat:sfntData
FileLength:723640
FileModTime:1622391921
WeightClass:400
WidthClass:5
AngleClass:0
%EndFont

%BeginFont
Handler:DirectoryHandler
FontType:Invalid
OutlineFileName:D:\AutoSet10\public_html\job\ckack3\Font\NanumSquareR.woff
FileModTime:1622391921
%EndFont

%BeginFont
Handler:DirectoryHandler
FontType:Type1
FontName:NanumSquareRoundR
FamilyName:Nanum Square Round Regular
StyleName:Regular
FullName:NanumSquareRound Regular
MenuName:Nanum Square Round Regular
StyleBits:0
WritingScript:Roman
OutlineFileName:D:\AutoSet10\public_html\job\ckack3\Font\NanumSquareRoundR.eot
DataFormat:Plain
UsesStandardEncoding:no
isCFF:no
FileLength:1438880
FileModTime:1622391921
WeightClass:400
WidthClass:5
AngleClass:0
DesignSize:-1
%EndFont

%BeginFont
Handler:DirectoryHandler
FontType:TrueType
FontName:NanumSquareRoundR
FamilyName:NanumSquareRound
StyleName:Regular
FullName:NanumSquareRound Regular
MenuName:나눔스퀘어라운드 Regular
StyleBits:0
FamilyNameNative:나눔스퀘어라운드
StyleNameNative:Regular
FullNameNative:나눔스퀘어라운드 Regular
WritingScript:Korean
OutlineFileName:D:\AutoSet10\public_html\job\ckack3\Font\NanumSquareRoundR.ttf
DataFormat:sfntData
FileLength:1063276
FileModTime:1622391921
WeightClass:400
WidthClass:5
AngleClass:0
%EndFont

%BeginFont
Handler:DirectoryHandler
FontType:Invalid
OutlineFileName:D:\AutoSet10\public_html\job\ckack3\Font\NanumSquareRoundR.woff
FileModTime:1622391921
%EndFont

%BeginFont
Handler:DirectoryHandler
FontType:Invalid
OutlineFileName:D:\AutoSet10\public_html\job\ckack3\Font\NanumSquareRoundR.woff2
FileModTime:1622391921
%EndFont

%BeginFont
Handler:DirectoryHandler
FontType:TrueType
FontName:NeutraDisp-Light
FamilyName:Neutra Display
StyleName:Light
FullName:NeutraDisp-Light
MenuName:Neutra Display
StyleBits:0
WritingScript:Roman
OutlineFileName:D:\AutoSet10\public_html\job\ckack3\Font\NeutraDisp-Light.ttf
DataFormat:sfntData
FileLength:94640
FileModTime:1622391921
WeightClass:300
WidthClass:5
AngleClass:0
%EndFont

%BeginFont
Handler:DirectoryHandler
FontType:Invalid
OutlineFileName:D:\AutoSet10\public_html\job\ckack3\Font\NotoSans-Bold.eot
FileModTime:1622391920
%EndFont

%BeginFont
Handler:DirectoryHandler
FontType:Invalid
OutlineFileName:D:\AutoSet10\public_html\job\ckack3\Font\NotoSans-Bold.svg
FileModTime:1622391921
%EndFont

%BeginFont
Handler:DirectoryHandler
FontType:TrueType
FontName:NotoSans-Bold
FamilyName:Noto Sans
StyleName:Bold
FullName:Noto Sans Bold
MenuName:Noto Sans
StyleBits:2
WritingScript:Roman
OutlineFileName:D:\AutoSet10\public_html\job\ckack3\Font\NotoSans-Bold.ttf
DataFormat:sfntData
FileLength:482344
FileModTime:1622391920
WeightClass:700
WidthClass:5
AngleClass:0
%EndFont

%BeginFont
Handler:DirectoryHandler
FontType:Invalid
OutlineFileName:D:\AutoSet10\public_html\job\ckack3\Font\NotoSans-Bold.woff
FileModTime:1622391920
%EndFont

%BeginFont
Handler:DirectoryHandler
FontType:Invalid
OutlineFileName:D:\AutoSet10\public_html\job\ckack3\Font\NotoSans-Light.eot
FileModTime:1622391920
%EndFont

%BeginFont
Handler:DirectoryHandler
FontType:Invalid
OutlineFileName:D:\AutoSet10\public_html\job\ckack3\Font\NotoSans-Light.svg
FileModTime:1622391920
%EndFont

%BeginFont
Handler:DirectoryHandler
FontType:TrueType
FontName:NotoSans-Light
FamilyName:Noto Sans
StyleName:Light
FullName:Noto Sans Light
MenuName:Noto Sans Light
StyleBits:0
WritingScript:Roman
OutlineFileName:D:\AutoSet10\public_html\job\ckack3\Font\NotoSans-Light.ttf
DataFormat:sfntData
FileLength:470448
FileModTime:1622391920
WeightClass:300
WidthClass:5
AngleClass:0
%EndFont

%BeginFont
Handler:DirectoryHandler
FontType:Invalid
OutlineFileName:D:\AutoSet10\public_html\job\ckack3\Font\NotoSans-Light.woff
FileModTime:1622391920
%EndFont

%BeginFont
Handler:DirectoryHandler
FontType:Invalid
OutlineFileName:D:\AutoSet10\public_html\job\ckack3\Font\NotoSans-Medium.eot
FileModTime:1622391920
%EndFont

%BeginFont
Handler:DirectoryHandler
FontType:Invalid
OutlineFileName:D:\AutoSet10\public_html\job\ckack3\Font\NotoSans-Medium.svg
FileModTime:1622391920
%EndFont

%BeginFont
Handler:DirectoryHandler
FontType:TrueType
FontName:NotoSans-Medium
FamilyName:Noto Sans
StyleName:Medium
FullName:Noto Sans Medium
MenuName:Noto Sans Med
StyleBits:0
WritingScript:Roman
OutlineFileName:D:\AutoSet10\public_html\job\ckack3\Font\NotoSans-Medium.ttf
DataFormat:sfntData
FileLength:479616
FileModTime:1622391919
WeightClass:500
WidthClass:5
AngleClass:0
%EndFont

%BeginFont
Handler:DirectoryHandler
FontType:Invalid
OutlineFileName:D:\AutoSet10\public_html\job\ckack3\Font\NotoSans-Medium.woff
FileModTime:1622391919
%EndFont

%BeginFont
Handler:DirectoryHandler
FontType:CID
FontName:NotoSansCJKkr-Black
FamilyName:Noto Sans CJK KR
StyleName:Black
FullName:Noto Sans CJK KR Black
MenuName:Noto Sans CJK KR Black
StyleBits:0
FamilyNameNative:
StyleNameNative:Black
FullNameNative:
WritingScript:Korean
OutlineFileName:D:\AutoSet10\public_html\job\ckack3\Font\NotoSansCJKkr-Black.otf
DataFormat:sfntData
isCFF:yes
FileLength:17368992
FileModTime:1622391920
WeightClass:900
WidthClass:5
AngleClass:0
%EndFont

%BeginFont
Handler:DirectoryHandler
FontType:CID
FontName:NotoSansCJKkr-Bold
FamilyName:Noto Sans CJK KR
StyleName:Bold
FullName:Noto Sans CJK KR Bold
MenuName:Noto Sans CJK KR Bold
StyleBits:0
FamilyNameNative:
StyleNameNative:Bold
FullNameNative:
WritingScript:Korean
OutlineFileName:D:\AutoSet10\public_html\job\ckack3\Font\NotoSansCJKkr-Bold.otf
DataFormat:sfntData
isCFF:yes
FileLength:17027920
FileModTime:1622391919
WeightClass:700
WidthClass:5
AngleClass:0
%EndFont

%BeginFont
Handler:DirectoryHandler
FontType:CID
FontName:NotoSansCJKkr-DemiLight
FamilyName:Noto Sans CJK KR
StyleName:DemiLight
FullName:Noto Sans CJK KR DemiLight
MenuName:Noto Sans CJK KR DemiLight
StyleBits:0
FamilyNameNative:
StyleNameNative:DemiLight
FullNameNative:
WritingScript:Korean
OutlineFileName:D:\AutoSet10\public_html\job\ckack3\Font\NotoSansCJKkr-DemiLight.otf
DataFormat:sfntData
isCFF:yes
FileLength:16397784
FileModTime:1622391919
WeightClass:350
WidthClass:5
AngleClass:0
%EndFont

%BeginFont
Handler:DirectoryHandler
FontType:CID
FontName:NotoSansCJKkr-Light
FamilyName:Noto Sans CJK KR
StyleName:Light
FullName:Noto Sans CJK KR Light
MenuName:Noto Sans CJK KR Light
StyleBits:0
FamilyNameNative:
StyleNameNative:Light
FullNameNative:
WritingScript:Korean
OutlineFileName:D:\AutoSet10\public_html\job\ckack3\Font\NotoSansCJKkr-Light.otf
DataFormat:sfntData
isCFF:yes
FileLength:16273808
FileModTime:1622391917
WeightClass:300
WidthClass:5
AngleClass:0
%EndFont

%BeginFont
Handler:DirectoryHandler
FontType:CID
FontName:NotoSansCJKkr-Medium
FamilyName:Noto Sans CJK KR
StyleName:Medium
FullName:Noto Sans CJK KR Medium
MenuName:Noto Sans CJK KR Medium
StyleBits:0
FamilyNameNative:
StyleNameNative:Medium
FullNameNative:
WritingScript:Korean
OutlineFileName:D:\AutoSet10\public_html\job\ckack3\Font\NotoSansCJKkr-Medium.otf
DataFormat:sfntData
isCFF:yes
FileLength:16534292
FileModTime:1622391917
WeightClass:500
WidthClass:5
AngleClass:0
%EndFont

%BeginFont
Handler:DirectoryHandler
FontType:CID
FontName:NotoSansCJKkr-Regular
FamilyName:Noto Sans CJK KR
StyleName:Regular
FullName:Noto Sans CJK KR Regular
MenuName:Noto Sans CJK KR Regular
StyleBits:0
FamilyNameNative:
StyleNameNative:Regular
FullNameNative:
WritingScript:Korean
OutlineFileName:D:\AutoSet10\public_html\job\ckack3\Font\NotoSansCJKkr-Regular.otf
DataFormat:sfntData
isCFF:yes
FileLength:16457008
FileModTime:1622391916
WeightClass:400
WidthClass:5
AngleClass:0
%EndFont

%BeginFont
Handler:DirectoryHandler
FontType:CID
FontName:NotoSansCJKkr-Thin
FamilyName:Noto Sans CJK KR
StyleName:Thin
FullName:Noto Sans CJK KR Thin
MenuName:Noto Sans CJK KR Thin
StyleBits:0
FamilyNameNative:
StyleNameNative:Thin
FullNameNative:
WritingScript:Korean
OutlineFileName:D:\AutoSet10\public_html\job\ckack3\Font\NotoSansCJKkr-Thin.otf
DataFormat:sfntData
isCFF:yes
FileLength:15184072
FileModTime:1622391916
WeightClass:250
WidthClass:5
AngleClass:0
%EndFont

%BeginFont
Handler:DirectoryHandler
FontType:CID
FontName:NotoSansMonoCJKkr-Bold
FamilyName:Noto Sans Mono CJK KR
StyleName:Bold
FullName:Noto Sans Mono CJK KR Bold
MenuName:Noto Sans Mono CJK KR Bold
StyleBits:0
FamilyNameNative:
StyleNameNative:Bold
FullNameNative:
WritingScript:Korean
OutlineFileName:D:\AutoSet10\public_html\job\ckack3\Font\NotoSansMonoCJKkr-Bold.otf
DataFormat:sfntData
isCFF:yes
FileLength:17028296
FileModTime:1622391914
WeightClass:700
WidthClass:5
AngleClass:0
%EndFont

%BeginFont
Handler:DirectoryHandler
FontType:CID
FontName:NotoSansMonoCJKkr-Regular
FamilyName:Noto Sans Mono CJK KR
StyleName:Regular
FullName:Noto Sans Mono CJK KR Regular
MenuName:Noto Sans Mono CJK KR Regular
StyleBits:0
FamilyNameNative:
StyleNameNative:Regular
FullNameNative:
WritingScript:Korean
OutlineFileName:D:\AutoSet10\public_html\job\ckack3\Font\NotoSansMonoCJKkr-Regular.otf
DataFormat:sfntData
isCFF:yes
FileLength:16457388
FileModTime:1622391914
WeightClass:400
WidthClass:5
AngleClass:0
%EndFont

%BeginFont
Handler:DirectoryHandler
FontType:Invalid
OutlineFileName:D:\AutoSet10\public_html\job\ckack3\Font\SJJungRA.svg
FileModTime:1622391913
%EndFont

%BeginFont
Handler:DirectoryHandler
FontType:TrueType
FontName:SJJungRA
FamilyName:SJJungRA
StyleName:Regular
FullName:SJJungRA
MenuName:SJJungRA
StyleBits:0
FamilyNameNative:
StyleNameNative:Regular
FullNameNative:
WritingScript:Korean
OutlineFileName:D:\AutoSet10\public_html\job\ckack3\Font\SJJungRA.ttf
DataFormat:sfntData
FileLength:917900
FileModTime:1622391913
WeightClass:400
WidthClass:5
AngleClass:0
%EndFont

%BeginFont
Handler:DirectoryHandler
FontType:Invalid
OutlineFileName:D:\AutoSet10\public_html\job\ckack3\Font\SJJungRA.woff
FileModTime:1622391913
%EndFont

%BeginFont
Handler:DirectoryHandler
FontType:Invalid
OutlineFileName:D:\AutoSet10\public_html\job\ckack3\Font\sjr.eot
FileModTime:1622391912
%EndFont

%BeginFont
Handler:DirectoryHandler
FontType:TrueType
FontName:SpoqaHanSans-Bold
FamilyName:SpoqaHanSans
StyleName:Bold
FullName:SpoqaHanSans-Bold
MenuName:SpoqaHanSans-Bold
StyleBits:2
FamilyNameNative:
StyleNameNative:Bold
FullNameNative:
WritingScript:Korean
OutlineFileName:D:\AutoSet10\public_html\job\ckack3\Font\Spoqa Han Sans Bold.ttf
DataFormat:sfntData
FileLength:29724416
FileModTime:1622391912
WeightClass:700
WidthClass:5
AngleClass:0
%EndFont

%BeginFont
Handler:DirectoryHandler
FontType:TrueType
FontName:SpoqaHanSans-Light
FamilyName:SpoqaHanSans
StyleName:Light
FullName:SpoqaHanSans-Light
MenuName:SpoqaHanSans-Light
StyleBits:0
FamilyNameNative:
StyleNameNative:Light
FullNameNative:
WritingScript:Korean
OutlineFileName:D:\AutoSet10\public_html\job\ckack3\Font\Spoqa Han Sans Light.ttf
DataFormat:sfntData
FileLength:29476892
FileModTime:1622391912
WeightClass:300
WidthClass:5
AngleClass:0
%EndFont

%BeginFont
Handler:DirectoryHandler
FontType:TrueType
FontName:SpoqaHanSans-Regular
FamilyName:SpoqaHanSans
StyleName:Regular
FullName:SpoqaHanSans-Regular
MenuName:SpoqaHanSans-Regular
StyleBits:0
FamilyNameNative:
StyleNameNative:Regular
FullNameNative:
WritingScript:Korean
OutlineFileName:D:\AutoSet10\public_html\job\ckack3\Font\Spoqa Han Sans Regular.ttf
DataFormat:sfntData
FileLength:29648388
FileModTime:1622391910
WeightClass:400
WidthClass:5
AngleClass:0
%EndFont

%BeginFont
Handler:DirectoryHandler
FontType:TrueType
FontName:SpoqaHanSans-Thin
FamilyName:SpoqaHanSans
StyleName:Thin
FullName:SpoqaHanSans-Thin
MenuName:SpoqaHanSans-Thin
StyleBits:0
FamilyNameNative:
StyleNameNative:Thin
FullNameNative:
WritingScript:Korean
OutlineFileName:D:\AutoSet10\public_html\job\ckack3\Font\Spoqa Han Sans Thin.ttf
DataFormat:sfntData
FileLength:30134092
FileModTime:1622391910
WeightClass:250
WidthClass:5
AngleClass:0
%EndFont

